Microchip MPLAB XC8 Compiler V2.32

Linker command line:

-W-3 --edf=C:\Program Files\Microchip\xc8\v2.32\pic\dat\en_msgs.txt -cn \
  -h+dist/default/production\lcd1.X.production.sym \
  --cmf=dist/default/production\lcd1.X.production.cmf -z -Q18F45K50 \
  -oC:\Users\Luich\AppData\Local\Temp\xcAs53o.4 --defsym=__MPLAB_BUILD=1 \
  -Mdist/default/production/lcd1.X.production.map -E1 -ver=XC8 Compiler \
  --acfsm=1493 -ASTACK=060h-07FFh -pstack=STACK -ACODE=00h-07FFFh \
  -ACONST=00h-07FFFh -ASMALLCONST=0800h-08FFhx120 \
  -AMEDIUMCONST=0800h-07FFFh -ACOMRAM=01h-05Fh -AABS1=00h-07FFh \
  -ABIGRAM=01h-07FFh -ARAM=060h-0FFh,0100h-01FFhx7 -ABANK0=060h-0FFh \
  -ABANK1=0100h-01FFh -ABANK2=0200h-02FFh -ABANK3=0300h-03FFh \
  -ABANK4=0400h-04FFh -ABANK5=0500h-05FFh -ABANK6=0600h-06FFh \
  -ABANK7=0700h-07FFh -ASFR=0F53h-0F5Fh,0F60h-0FFFh \
  -ACONFIG=0300000h-030000Dh -AIDLOC=0200000h-0200007h \
  -AEEDATA=0F00000h-0F000FFh -peeprom_data=EEDATA \
  -preset_vec=00h,intcode,intcodelo,powerup,init -pramtop=0800h \
  -psmallconst=SMALLCONST -pmediumconst=MEDIUMCONST -pconst=CONST \
  -AFARRAM=00h-00h \
  -prdata=COMRAM,nvrram=COMRAM,nvbit=COMRAM,rbss=COMRAM,rbit=COMRAM \
  -pfarbss=FARRAM,fardata=FARRAM,nvFARRAM=FARRAM \
  -pintsave_regs=BIGRAM,bigbss=BIGRAM,bigdata=BIGRAM -pbss=RAM \
  -pidata=CODE,irdata=CODE,ibigdata=CODE,ifardata=CODE -prparam=COMRAM \
  C:\Users\Luich\AppData\Local\Temp\xcAs53o.o \
  dist/default/production\lcd1.X.production.o 

Object code version is 3.11

Machine type is 18F45K50



                Name                               Link     Load   Length Selector   Space Scale
C:\Users\Luich\AppData\Local\Temp\xcAs53o.o
                idloc                            200000   200000        8        0       5
                config                           300000   300000        E        0       4
                init                                  0        0        4        0       0
dist/default/production\lcd1.X.production.o
                idloc                            200000   200000        8        0       5
                config                           300000   300000        E        0       4
                smallconst                          800      800       1E      400       0
                text8                               B46      B46       18      40F       0
                text7                               AD6      AD6       30      40F       0
                text6                               99E      99E       66      40F       0
                text5                               AA2      AA2       34      40F       0
                text4                               908      908       96      40F       0
                text3                               81E      81E       EA      40F       0
                text2                               A04      A04       5E      40F       0
                text1                               B06      B06       26      40F       0
                text0                               A62      A62       40      40F       0
                cstackCOMRAM                         29       29       1E        1       1
                bssCOMRAM                             1        1       28        1       1
                cinit                               B2C      B2C       1A      40F       0

TOTAL           Name                               Link     Load   Length     Space
        CLASS   STACK          

        CLASS   CODE           
                init                                  0        0        4         0
                text8                               B46      B46       18         0
                text7                               AD6      AD6       30         0
                text6                               99E      99E       66         0
                text5                               AA2      AA2       34         0
                text4                               908      908       96         0
                text3                               81E      81E       EA         0
                text2                               A04      A04       5E         0
                text1                               B06      B06       26         0
                text0                               A62      A62       40         0
                cinit                               B2C      B2C       1A         0

        CLASS   CONST          

        CLASS   SMALLCONST     
                smallconst                          800      800       1E         0

        CLASS   MEDIUMCONST    

        CLASS   COMRAM         
                cstackCOMRAM                         29       29       1E         1
                bssCOMRAM                             1        1       28         1

        CLASS   ABS1           

        CLASS   BIGRAM         

        CLASS   RAM            

        CLASS   BANK0          

        CLASS   BANK1          

        CLASS   BANK2          

        CLASS   BANK3          

        CLASS   BANK4          

        CLASS   BANK5          

        CLASS   BANK6          

        CLASS   BANK7          

        CLASS   SFR            

        CLASS   CONFIG         
                config                           300000   300000        E         4

        CLASS   IDLOC          
                idloc                            200000   200000        8         5

        CLASS   EEDATA         

        CLASS   FARRAM         



SEGMENTS        Name                           Load    Length   Top    Selector   Space  Class

                reset_vec                      000000  000004  000004         0       0  CODE    
                bssCOMRAM                      000001  000046  000047         1       1  COMRAM  
                smallconst                     000800  00001E  00081E       400       0  SMALLCON
                text3                          00081E  000340  000B5E       40F       0  CODE    


UNUSED ADDRESS RANGES

        Name                Unused          Largest block    Delta
        BANK0            000060-0000FF               A0
        BANK1            000100-0001FF              100
        BANK2            000200-0002FF              100
        BANK3            000300-0003FF              100
        BANK4            000400-0004FF              100
        BANK5            000500-0005FF              100
        BANK6            000600-0006FF              100
        BANK7            000700-0007FF              100
        BIGRAM           000047-0007FF              7B9
        CODE             000004-0007FF              7FC
                         000B5E-007FFF             74A2
        COMRAM           000047-00005F               19
        CONST            000004-0007FF              7FC
                         000B5E-007FFF             74A2
        EEDATA           F00000-F000FF              100
        MEDIUMCONST      000B5E-007FFF             74A2
        RAM              000060-0007FF              100
        SFR              000F53-000FFF                D
        SMALLCONST       000B5E-007FFF              100
        STACK            000060-0007FF              7A0

                                  Symbol Table

?_printf                 cstackCOMRAM 000042
?_vfpfcnvrt              cstackCOMRAM 000034
?_vfprintf               cstackCOMRAM 00003A
_ANSELA                  (abs)        000F5B
_ANSELD                  (abs)        000F5E
_Configuracion           text8        000B46
_InicializaLCD           text6        00099E
_LATA                    (abs)        000F89
_LATAbits                (abs)        000F89
_LATD                    (abs)        000F8C
_TRISA                   (abs)        000F92
_TRISD                   (abs)        000F95
__HRAM                   (abs)        000000
__Habs1                  abs1         000000
__Hbank0                 bank0        000000
__Hbank1                 bank1        000000
__Hbank2                 bank2        000000
__Hbank3                 bank3        000000
__Hbank4                 bank4        000000
__Hbank5                 bank5        000000
__Hbank6                 bank6        000000
__Hbank7                 bank7        000000
__Hbigbss                bigbss       000000
__Hbigdata               bigdata      000000
__Hbigram                bigram       000000
__Hbss                   bss          000000
__HbssCOMRAM             bssCOMRAM    000000
__Hcinit                 cinit        000000
__Hclrtext               clrtext      000000
__Hcomram                comram       000000
__Hconfig                config       30000E
__Hconst                 const        000000
__HcstackCOMRAM          cstackCOMRAM 000000
__Hdata                  data         000000
__Heeprom_data           eeprom_data  000000
__Hfarbss                farbss       000000
__Hfardata               fardata      000000
__Hibigdata              ibigdata     000000
__Hidata                 idata        000000
__Hidloc                 idloc        200008
__Hifardata              ifardata     000000
__Hinit                  init         000004
__Hintcode               intcode      000000
__Hintcode_body          intcode_body 000000
__Hintcodelo             intcodelo    000000
__Hintentry              intentry     000000
__Hintret                intret       000000
__Hintsave_regs          intsave_regs 000000
__Hirdata                irdata       000000
__Hmediumconst           mediumconst  000000
__HnvFARRAM              nvFARRAM     000000
__Hnvbit                 nvbit        000000
__Hnvrram                nvrram       000000
__Hparam                 rparam       000000
__Hpowerup               powerup      000000
__Hram                   ram          000000
__Hramtop                ramtop       000800
__Hrbit                  rbit         000000
__Hrbss                  rbss         000000
__Hrdata                 rdata        000000
__Hreset_vec             reset_vec    000000
__Hrparam                rparam       000000
__Hsfr                   sfr          000000
__Hsmallconst            smallconst   00081E
__Hspace_0               (abs)        000B5E
__Hspace_1               (abs)        000047
__Hspace_2               (abs)        000000
__Hspace_4               (abs)        60000E
__Hstack                 stack        000000
__Hstruct                struct       000000
__Htemp                  temp         000000
__Htext                  text         000000
__Htext0                 text0        000000
__Htext1                 text1        000000
__Htext2                 text2        000000
__Htext3                 text3        000000
__Htext4                 text4        000000
__Htext5                 text5        000000
__Htext6                 text6        000000
__Htext7                 text7        000000
__Htext8                 text8        000000
__LRAM                   (abs)        000001
__Labs1                  abs1         000000
__Lbank0                 bank0        000000
__Lbank1                 bank1        000000
__Lbank2                 bank2        000000
__Lbank3                 bank3        000000
__Lbank4                 bank4        000000
__Lbank5                 bank5        000000
__Lbank6                 bank6        000000
__Lbank7                 bank7        000000
__Lbigbss                bigbss       000000
__Lbigdata               bigdata      000000
__Lbigram                bigram       000000
__Lbss                   bss          000000
__LbssCOMRAM             bssCOMRAM    000000
__Lcinit                 cinit        000000
__Lclrtext               clrtext      000000
__Lcomram                comram       000000
__Lconfig                config       000000
__Lconst                 const        000000
__LcstackCOMRAM          cstackCOMRAM 000000
__Ldata                  data         000000
__Leeprom_data           eeprom_data  000000
__Lfarbss                farbss       000000
__Lfardata               fardata      000000
__Libigdata              ibigdata     000000
__Lidata                 idata        000000
__Lidloc                 idloc        000000
__Lifardata              ifardata     000000
__Linit                  init         000000
__Lintcode               intcode      000000
__Lintcode_body          intcode_body 000000
__Lintcodelo             intcodelo    000000
__Lintentry              intentry     000000
__Lintret                intret       000000
__Lintsave_regs          intsave_regs 000000
__Lirdata                irdata       000000
__Lmediumconst           mediumconst  000000
__LnvFARRAM              nvFARRAM     000000
__Lnvbit                 nvbit        000000
__Lnvrram                nvrram       000000
__Lparam                 rparam       000000
__Lpowerup               powerup      000000
__Lram                   ram          000000
__Lramtop                ramtop       000800
__Lrbit                  rbit         000000
__Lrbss                  rbss         000000
__Lrdata                 rdata        000000
__Lreset_vec             reset_vec    000000
__Lrparam                rparam       000000
__Lsfr                   sfr          000000
__Lsmallconst            smallconst   000800
__Lspace_0               (abs)        000000
__Lspace_1               (abs)        000000
__Lspace_2               (abs)        000000
__Lspace_4               (abs)        000000
__Lstack                 stack        000000
__Lstruct                struct       000000
__Ltemp                  temp         000000
__Ltext                  text         000000
__Ltext0                 text0        000000
__Ltext1                 text1        000000
__Ltext2                 text2        000000
__Ltext3                 text3        000000
__Ltext4                 text4        000000
__Ltext5                 text5        000000
__Ltext6                 text6        000000
__Ltext7                 text7        000000
__Ltext8                 text8        000000
__S0                     (abs)        000B5E
__S1                     (abs)        000047
__S2                     (abs)        000000
__S4                     (abs)        000000
__S5                     (abs)        000000
___inthi_sp              stack        000000
___intlo_sp              stack        000000
___param_bank            (abs)        000000
___rparam_used           (abs)        000001
___sp                    stack        000000
__accesstop              (abs)        000060
__activetblptr           (abs)        000001
__end_of_Configuracion   text8        000B5E
__end_of_InicializaLCD   text6        000A04
__end_of__initialization cinit        000B38
__end_of_fputc           text4        00099E
__end_of_main            text0        000AA2
__end_of_printf          text1        000B2C
__end_of_putch           text5        000AD6
__end_of_putcm           text7        000B06
__end_of_vfpfcnvrt       text3        000908
__end_of_vfprintf        text2        000A62
__initialization         cinit        000B2C
__mediumconst            mediumconst  000000
__pbssCOMRAM             bssCOMRAM    000001
__pcinit                 cinit        000B2C
__pcstackCOMRAM          cstackCOMRAM 000029
__psmallconst            smallconst   000800
__ptext0                 text0        000A62
__ptext1                 text1        000B06
__ptext2                 text2        000A04
__ptext3                 text3        00081E
__ptext4                 text4        000908
__ptext5                 text5        000AA2
__ptext6                 text6        00099E
__ptext7                 text7        000AD6
__ptext8                 text8        000B46
__ramtop                 ramtop       000800
__size_of_Configuracion  (abs)        000000
__size_of_InicializaLCD  (abs)        000000
__size_of_fputc          (abs)        000000
__size_of_main           (abs)        000000
__size_of_printf         (abs)        000000
__size_of_putch          (abs)        000000
__size_of_putcm          (abs)        000000
__size_of_vfpfcnvrt      (abs)        000000
__size_of_vfprintf       (abs)        000000
__smallconst             smallconst   000800
_flags                   bssCOMRAM    000027
_fputc                   text4        000908
_main                    text0        000A62
_nout                    bssCOMRAM    000021
_prec                    bssCOMRAM    000025
_printf                  text1        000B06
_putch                   text5        000AA2
_putcm                   text7        000AD6
_vfpfcnvrt               text3        00081E
_vfprintf                text2        000A04
_width                   bssCOMRAM    000023
end_of_initialization    cinit        000B38
fputc@c                  cstackCOMRAM 00002B
fputc@fp                 cstackCOMRAM 00002D
intlevel0                text         000000
intlevel1                text         000000
intlevel2                text         000000
intlevel3                text         000000
isa$std                  (abs)        000001
isa$xinst                (abs)        000000
printf@ap                cstackCOMRAM 000044
printf@fmt               cstackCOMRAM 000042
putch@Activa             cstackCOMRAM 00002A
putch@data               cstackCOMRAM 000029
putcm@Activa             cstackCOMRAM 00002A
putcm@data               cstackCOMRAM 000029
stackhi                  (abs)        0007FF
stacklo                  (abs)        000060
start                    init         000000
start_initialization     cinit        000B2C
vfpfcnvrt@ap             cstackCOMRAM 000038
vfpfcnvrt@fmt            cstackCOMRAM 000036
vfpfcnvrt@fp             cstackCOMRAM 000034
vfprintf@ap              cstackCOMRAM 00003E
vfprintf@cfmt            cstackCOMRAM 000040
vfprintf@fmt             cstackCOMRAM 00003C
vfprintf@fp              cstackCOMRAM 00003A


MODULE INFORMATION

Module		Function		Class		Link	Load	Size
C:\Program Files\Microchip\xc8\v2.32\pic\sources\c99\common\doprnt.c
		_vfpfcnvrt     		CODE           	081E	0000	234
		_vfprintf      		CODE           	0A04	0000	94

C:\Program Files\Microchip\xc8\v2.32\pic\sources\c99\common\doprnt.c estimated size: 328

lcd01.c
		_putcm         		CODE           	0AD6	0000	48
		_InicializaLCD 		CODE           	099E	0000	102
		_putch         		CODE           	0AA2	0000	52
		_main          		CODE           	0A62	0000	64
		_Configuracion 		CODE           	0B46	0000	24

lcd01.c estimated size: 290

shared
		__initialization		CODE           	0B2C	0000	12

shared estimated size: 12

C:\Program Files\Microchip\xc8\v2.32\pic\sources\c99\common\printf.c
		_printf        		CODE           	0B06	0000	38

C:\Program Files\Microchip\xc8\v2.32\pic\sources\c99\common\printf.c estimated size: 38

C:\Program Files\Microchip\xc8\v2.32\pic\sources\c99\common\nf_fputc.c
		_fputc         		CODE           	0908	0000	150

C:\Program Files\Microchip\xc8\v2.32\pic\sources\c99\common\nf_fputc.c estimated size: 150

